============================= test session starts =============================
platform win32 -- Python 3.14.0, pytest-9.0.3, pluggy-1.6.0 -- C:\Users\vrajm\OneDrive\Desktop\cybershield_complete\backend\venv\Scripts\python.exe
cachedir: .pytest_cache
rootdir: C:\Users\vrajm\OneDrive\Desktop\cybershield_complete\backend
plugins: anyio-4.13.0, asyncio-1.4.0
asyncio: mode=Mode.STRICT, debug=False, asyncio_default_fixture_loop_scope=None, asyncio_default_test_loop_scope=function
collecting ... collected 0 items / 1 error

=================================== ERRORS ====================================
_____________________ ERROR collecting tests/test_auth.py _____________________
ImportError while importing test module 'C:\Users\vrajm\OneDrive\Desktop\cybershield_complete\backend\tests\test_auth.py'.
Hint: make sure your test modules/packages have valid Python names.
Traceback:
..\..\..\..\AppData\Local\Programs\Python\Python314\Lib\importlib\__init__.py:88: in import_module
    return _bootstrap._gcd_import(name[level:], package, level)
           ^^^^^^^^^^^^^^^^^^^^^^^^^^^^^^^^^^^^^^^^^^^^^^^^^^^^
tests\test_auth.py:5: in <module>
    from fastapi.testclient import TestClient
E   ModuleNotFoundError: No module named 'fastapi'
=========================== short test summary info ===========================
ERROR tests/test_auth.py
!!!!!!!!!!!!!!!!!!! Interrupted: 1 error during collection !!!!!!!!!!!!!!!!!!!!
============================== 1 error in 0.28s ===============================
